

C:\Users\lerum\AppData\Roaming\MetaQuotes\Terminal\D0E8209F77C8CF37AD8BF550E51FF075\MQL5\Experts\MetaphizixEA\MetaphizixEA.mq5 : information: compiling C:\Users\lerum\AppData\Roaming\MetaQuotes\Terminal\D0E8209F77C8CF37AD8BF550E51FF075\MQL5\Experts\MetaphizixEA\MetaphizixEA.mq5
C:\Users\lerum\AppData\Roaming\MetaQuotes\Terminal\D0E8209F77C8CF37AD8BF550E51FF075\MQL5\Experts\MetaphizixEA\MetaphizixEA.mq5 : information: including C:\Users\lerum\AppData\Roaming\MetaQuotes\Terminal\D0E8209F77C8CF37AD8BF550E51FF075\MQL5\Experts\MetaphizixEA\Includes\Core\Config.mqh
C:\Users\lerum\AppData\Roaming\MetaQuotes\Terminal\D0E8209F77C8CF37AD8BF550E51FF075\MQL5\Experts\MetaphizixEA\MetaphizixEA.mq5 : information: including C:\Users\lerum\AppData\Roaming\MetaQuotes\Terminal\D0E8209F77C8CF37AD8BF550E51FF075\MQL5\Experts\MetaphizixEA\Includes\Core\SignalManager.mqh
C:\Users\lerum\AppData\Roaming\MetaQuotes\Terminal\D0E8209F77C8CF37AD8BF550E51FF075\MQL5\Experts\MetaphizixEA\Includes\Core\SignalManager.mqh : information: including C:\Users\lerum\AppData\Roaming\MetaQuotes\Terminal\D0E8209F77C8CF37AD8BF550E51FF075\MQL5\Experts\MetaphizixEA\Includes\Advanced\ForexAnalyzer.mqh
C:\Users\lerum\AppData\Roaming\MetaQuotes\Terminal\D0E8209F77C8CF37AD8BF550E51FF075\MQL5\Experts\MetaphizixEA\Includes\Core\SignalManager.mqh : information: including C:\Users\lerum\AppData\Roaming\MetaQuotes\Terminal\D0E8209F77C8CF37AD8BF550E51FF075\MQL5\Experts\MetaphizixEA\Includes\Core\OrderBlockDetector.mqh
C:\Users\lerum\AppData\Roaming\MetaQuotes\Terminal\D0E8209F77C8CF37AD8BF550E51FF075\MQL5\Experts\MetaphizixEA\Includes\Core\SignalManager.mqh : information: including C:\Users\lerum\AppData\Roaming\MetaQuotes\Terminal\D0E8209F77C8CF37AD8BF550E51FF075\MQL5\Experts\MetaphizixEA\Includes\Advanced\MLPredictor.mqh
C:\Users\lerum\AppData\Roaming\MetaQuotes\Terminal\D0E8209F77C8CF37AD8BF550E51FF075\MQL5\Experts\MetaphizixEA\Includes\Core\SignalManager.mqh : information: including C:\Users\lerum\AppData\Roaming\MetaQuotes\Terminal\D0E8209F77C8CF37AD8BF550E51FF075\MQL5\Experts\MetaphizixEA\Includes\Advanced\VolatilityAnalyzer.mqh
C:\Users\lerum\AppData\Roaming\MetaQuotes\Terminal\D0E8209F77C8CF37AD8BF550E51FF075\MQL5\Experts\MetaphizixEA\Includes\Core\SignalManager.mqh : information: including C:\Users\lerum\AppData\Roaming\MetaQuotes\Terminal\D0E8209F77C8CF37AD8BF550E51FF075\MQL5\Experts\MetaphizixEA\Includes\Advanced\CorrelationAnalyzer.mqh
C:\Users\lerum\AppData\Roaming\MetaQuotes\Terminal\D0E8209F77C8CF37AD8BF550E51FF075\MQL5\Experts\MetaphizixEA\Includes\Core\SignalManager.mqh : information: including C:\Users\lerum\AppData\Roaming\MetaQuotes\Terminal\D0E8209F77C8CF37AD8BF550E51FF075\MQL5\Experts\MetaphizixEA\Includes\Optimization\AdaptiveDecisionEngine.mqh
C:\Users\lerum\AppData\Roaming\MetaQuotes\Terminal\D0E8209F77C8CF37AD8BF550E51FF075\MQL5\Experts\MetaphizixEA\Includes\Optimization\AdaptiveDecisionEngine.mqh : information: including C:\Users\lerum\AppData\Roaming\MetaQuotes\Terminal\D0E8209F77C8CF37AD8BF550E51FF075\MQL5\Experts\MetaphizixEA\Includes\Advanced\TechnicalIndicators.mqh
C:\Users\lerum\AppData\Roaming\MetaQuotes\Terminal\D0E8209F77C8CF37AD8BF550E51FF075\MQL5\Experts\MetaphizixEA\Includes\Optimization\AdaptiveDecisionEngine.mqh : information: including C:\Users\lerum\AppData\Roaming\MetaQuotes\Terminal\D0E8209F77C8CF37AD8BF550E51FF075\MQL5\Experts\MetaphizixEA\Includes\Advanced\SentimentAnalyzer.mqh
C:\Users\lerum\AppData\Roaming\MetaQuotes\Terminal\D0E8209F77C8CF37AD8BF550E51FF075\MQL5\Experts\MetaphizixEA\Includes\Core\SignalManager.mqh : information: including C:\Users\lerum\AppData\Roaming\MetaQuotes\Terminal\D0E8209F77C8CF37AD8BF550E51FF075\MQL5\Experts\MetaphizixEA\Includes\Optimization\DynamicStrategyManager.mqh
C:\Users\lerum\AppData\Roaming\MetaQuotes\Terminal\D0E8209F77C8CF37AD8BF550E51FF075\MQL5\Experts\MetaphizixEA\Includes\Core\SignalManager.mqh : information: including C:\Users\lerum\AppData\Roaming\MetaQuotes\Terminal\D0E8209F77C8CF37AD8BF550E51FF075\MQL5\Experts\MetaphizixEA\Includes\Optimization\RealtimeOptimizer.mqh
C:\Users\lerum\AppData\Roaming\MetaQuotes\Terminal\D0E8209F77C8CF37AD8BF550E51FF075\MQL5\Experts\MetaphizixEA\MetaphizixEA.mq5 : information: including C:\Users\lerum\AppData\Roaming\MetaQuotes\Terminal\D0E8209F77C8CF37AD8BF550E51FF075\MQL5\Experts\MetaphizixEA\Includes\Core\PairManager.mqh
C:\Users\lerum\AppData\Roaming\MetaQuotes\Terminal\D0E8209F77C8CF37AD8BF550E51FF075\MQL5\Experts\MetaphizixEA\MetaphizixEA.mq5 : information: including C:\Users\lerum\AppData\Roaming\MetaQuotes\Terminal\D0E8209F77C8CF37AD8BF550E51FF075\MQL5\Experts\MetaphizixEA\Includes\Core\DisplayManager.mqh
C:\Users\lerum\AppData\Roaming\MetaQuotes\Terminal\D0E8209F77C8CF37AD8BF550E51FF075\MQL5\Experts\MetaphizixEA\MetaphizixEA.mq5 : information: including C:\Users\lerum\AppData\Roaming\MetaQuotes\Terminal\D0E8209F77C8CF37AD8BF550E51FF075\MQL5\Experts\MetaphizixEA\Includes\Core\RiskManagement.mqh
C:\Users\lerum\AppData\Roaming\MetaQuotes\Terminal\D0E8209F77C8CF37AD8BF550E51FF075\MQL5\Experts\MetaphizixEA\MetaphizixEA.mq5 : information: including C:\Users\lerum\AppData\Roaming\MetaQuotes\Terminal\D0E8209F77C8CF37AD8BF550E51FF075\MQL5\Experts\MetaphizixEA\Includes\Core\TradeExecution.mqh
C:\Users\lerum\AppData\Roaming\MetaQuotes\Terminal\D0E8209F77C8CF37AD8BF550E51FF075\MQL5\Experts\MetaphizixEA\MetaphizixEA.mq5 : information: including C:\Users\lerum\AppData\Roaming\MetaQuotes\Terminal\D0E8209F77C8CF37AD8BF550E51FF075\MQL5\Experts\MetaphizixEA\Includes\Core\NewsFilter.mqh
C:\Users\lerum\AppData\Roaming\MetaQuotes\Terminal\D0E8209F77C8CF37AD8BF550E51FF075\MQL5\Experts\MetaphizixEA\MetaphizixEA.mq5 : information: including C:\Users\lerum\AppData\Roaming\MetaQuotes\Terminal\D0E8209F77C8CF37AD8BF550E51FF075\MQL5\Experts\MetaphizixEA\Includes\Core\SessionFilter.mqh
C:\Users\lerum\AppData\Roaming\MetaQuotes\Terminal\D0E8209F77C8CF37AD8BF550E51FF075\MQL5\Experts\MetaphizixEA\MetaphizixEA.mq5 : information: including C:\Users\lerum\AppData\Roaming\MetaQuotes\Terminal\D0E8209F77C8CF37AD8BF550E51FF075\MQL5\Experts\MetaphizixEA\Includes\Core\ExitStrategy.mqh
C:\Users\lerum\AppData\Roaming\MetaQuotes\Terminal\D0E8209F77C8CF37AD8BF550E51FF075\MQL5\Experts\MetaphizixEA\MetaphizixEA.mq5 : information: including C:\Users\lerum\AppData\Roaming\MetaQuotes\Terminal\D0E8209F77C8CF37AD8BF550E51FF075\MQL5\Experts\MetaphizixEA\Includes\Advanced\Fibonacci.mqh
C:\Users\lerum\AppData\Roaming\MetaQuotes\Terminal\D0E8209F77C8CF37AD8BF550E51FF075\MQL5\Experts\MetaphizixEA\MetaphizixEA.mq5 : information: including C:\Users\lerum\AppData\Roaming\MetaQuotes\Terminal\D0E8209F77C8CF37AD8BF550E51FF075\MQL5\Experts\MetaphizixEA\Includes\Advanced\MarketAnalysis.mqh
C:\Users\lerum\AppData\Roaming\MetaQuotes\Terminal\D0E8209F77C8CF37AD8BF550E51FF075\MQL5\Experts\MetaphizixEA\MetaphizixEA.mq5 : information: including C:\Users\lerum\AppData\Roaming\MetaQuotes\Terminal\D0E8209F77C8CF37AD8BF550E51FF075\MQL5\Experts\MetaphizixEA\Includes\Advanced\PortfolioManager.mqh
C:\Users\lerum\AppData\Roaming\MetaQuotes\Terminal\D0E8209F77C8CF37AD8BF550E51FF075\MQL5\Experts\MetaphizixEA\MetaphizixEA.mq5 : information: including C:\Users\lerum\AppData\Roaming\MetaQuotes\Terminal\D0E8209F77C8CF37AD8BF550E51FF075\MQL5\Experts\MetaphizixEA\Includes\Advanced\RiskAdjuster.mqh
C:\Users\lerum\AppData\Roaming\MetaQuotes\Terminal\D0E8209F77C8CF37AD8BF550E51FF075\MQL5\Experts\MetaphizixEA\MetaphizixEA.mq5 : information: including C:\Users\lerum\AppData\Roaming\MetaQuotes\Terminal\D0E8209F77C8CF37AD8BF550E51FF075\MQL5\Experts\MetaphizixEA\Includes\Advanced\MultiTimeframeAnalyzer.mqh
C:\Users\lerum\AppData\Roaming\MetaQuotes\Terminal\D0E8209F77C8CF37AD8BF550E51FF075\MQL5\Experts\MetaphizixEA\MetaphizixEA.mq5 : information: including C:\Users\lerum\AppData\Roaming\MetaQuotes\Terminal\D0E8209F77C8CF37AD8BF550E51FF075\MQL5\Experts\MetaphizixEA\Includes\Advanced\SeasonalityAnalyzer.mqh
C:\Users\lerum\AppData\Roaming\MetaQuotes\Terminal\D0E8209F77C8CF37AD8BF550E51FF075\MQL5\Experts\MetaphizixEA\MetaphizixEA.mq5 : information: including C:\Users\lerum\AppData\Roaming\MetaQuotes\Terminal\D0E8209F77C8CF37AD8BF550E51FF075\MQL5\Experts\MetaphizixEA\Includes\Advanced\OrderFlowAnalyzer.mqh
C:\Users\lerum\AppData\Roaming\MetaQuotes\Terminal\D0E8209F77C8CF37AD8BF550E51FF075\MQL5\Experts\MetaphizixEA\MetaphizixEA.mq5 : information: including C:\Users\lerum\AppData\Roaming\MetaQuotes\Terminal\D0E8209F77C8CF37AD8BF550E51FF075\MQL5\Experts\MetaphizixEA\Includes\Advanced\CurrencyStrengthAnalyzer.mqh
C:\Users\lerum\AppData\Roaming\MetaQuotes\Terminal\D0E8209F77C8CF37AD8BF550E51FF075\MQL5\Experts\MetaphizixEA\MetaphizixEA.mq5 : information: including C:\Users\lerum\AppData\Roaming\MetaQuotes\Terminal\D0E8209F77C8CF37AD8BF550E51FF075\MQL5\Experts\MetaphizixEA\Includes\Protection\SpreadManipulationDetector.mqh
C:\Users\lerum\AppData\Roaming\MetaQuotes\Terminal\D0E8209F77C8CF37AD8BF550E51FF075\MQL5\Experts\MetaphizixEA\MetaphizixEA.mq5 : information: including C:\Users\lerum\AppData\Roaming\MetaQuotes\Terminal\D0E8209F77C8CF37AD8BF550E51FF075\MQL5\Experts\MetaphizixEA\Includes\Protection\BrokerLeverageDetector.mqh
C:\Users\lerum\AppData\Roaming\MetaQuotes\Terminal\D0E8209F77C8CF37AD8BF550E51FF075\MQL5\Experts\MetaphizixEA\Includes\Core\SignalManager.mqh(844,5) : error 175: 'return' - expressions are not allowed on a global scope
C:\Users\lerum\AppData\Roaming\MetaQuotes\Terminal\D0E8209F77C8CF37AD8BF550E51FF075\MQL5\Experts\MetaphizixEA\Includes\Core\SignalManager.mqh(845,1) : error 175: '}' - expressions are not allowed on a global scope
C:\Users\lerum\AppData\Roaming\MetaQuotes\Terminal\D0E8209F77C8CF37AD8BF550E51FF075\MQL5\Experts\MetaphizixEA\MetaphizixEA.mq5(1020,39) : error 256: undeclared identifier
C:\Users\lerum\AppData\Roaming\MetaQuotes\Terminal\D0E8209F77C8CF37AD8BF550E51FF075\MQL5\Experts\MetaphizixEA\MetaphizixEA.mq5(1020,60) : error 152: 'g_bestPairs' - some operator expected
C:\Users\lerum\AppData\Roaming\MetaQuotes\Terminal\D0E8209F77C8CF37AD8BF550E51FF075\MQL5\Experts\MetaphizixEA\MetaphizixEA.mq5(1037,41) : error 256: undeclared identifier
C:\Users\lerum\AppData\Roaming\MetaQuotes\Terminal\D0E8209F77C8CF37AD8BF550E51FF075\MQL5\Experts\MetaphizixEA\MetaphizixEA.mq5(1037,64) : error 152: '[' - some operator expected
C:\Users\lerum\AppData\Roaming\MetaQuotes\Terminal\D0E8209F77C8CF37AD8BF550E51FF075\MQL5\Experts\MetaphizixEA\MetaphizixEA.mq5(1042,46) : error 256: undeclared identifier
C:\Users\lerum\AppData\Roaming\MetaQuotes\Terminal\D0E8209F77C8CF37AD8BF550E51FF075\MQL5\Experts\MetaphizixEA\MetaphizixEA.mq5(1042,69) : error 152: '[' - some operator expected
C:\Users\lerum\AppData\Roaming\MetaQuotes\Terminal\D0E8209F77C8CF37AD8BF550E51FF075\MQL5\Experts\MetaphizixEA\MetaphizixEA.mq5(1050,41) : error 256: undeclared identifier
C:\Users\lerum\AppData\Roaming\MetaQuotes\Terminal\D0E8209F77C8CF37AD8BF550E51FF075\MQL5\Experts\MetaphizixEA\MetaphizixEA.mq5(1050,64) : error 152: '[' - some operator expected
C:\Users\lerum\AppData\Roaming\MetaQuotes\Terminal\D0E8209F77C8CF37AD8BF550E51FF075\MQL5\Experts\MetaphizixEA\Includes\Core\OrderBlockDetector.mqh(528,30) : warning 42: implicit enum conversion
C:\Users\lerum\AppData\Roaming\MetaQuotes\Terminal\D0E8209F77C8CF37AD8BF550E51FF075\MQL5\Experts\MetaphizixEA\Includes\Core\OrderBlockDetector.mqh(601,19) : warning 43: possible loss of data due to type conversion from 'long' to 'double'
C:\Users\lerum\AppData\Roaming\MetaQuotes\Terminal\D0E8209F77C8CF37AD8BF550E51FF075\MQL5\Experts\MetaphizixEA\Includes\Core\OrderBlockDetector.mqh(607,23) : warning 43: possible loss of data due to type conversion from 'long' to 'double'
C:\Users\lerum\AppData\Roaming\MetaQuotes\Terminal\D0E8209F77C8CF37AD8BF550E51FF075\MQL5\Experts\MetaphizixEA\Includes\Core\SignalManager.mqh(461,19) : error 256: undeclared identifier
C:\Users\lerum\AppData\Roaming\MetaQuotes\Terminal\D0E8209F77C8CF37AD8BF550E51FF075\MQL5\Experts\MetaphizixEA\Includes\Core\SignalManager.mqh(467,25) : error 256: undeclared identifier
C:\Users\lerum\AppData\Roaming\MetaQuotes\Terminal\D0E8209F77C8CF37AD8BF550E51FF075\MQL5\Experts\MetaphizixEA\Includes\Core\SignalManager.mqh(559,61) : error 256: undeclared identifier
C:\Users\lerum\AppData\Roaming\MetaQuotes\Terminal\D0E8209F77C8CF37AD8BF550E51FF075\MQL5\Experts\MetaphizixEA\Includes\Core\SignalManager.mqh(614,61) : error 256: undeclared identifier
C:\Users\lerum\AppData\Roaming\MetaQuotes\Terminal\D0E8209F77C8CF37AD8BF550E51FF075\MQL5\Experts\MetaphizixEA\Includes\Core\SignalManager.mqh(632,19) : error 256: undeclared identifier
C:\Users\lerum\AppData\Roaming\MetaQuotes\Terminal\D0E8209F77C8CF37AD8BF550E51FF075\MQL5\Experts\MetaphizixEA\Includes\Core\SignalManager.mqh(652,19) : error 256: undeclared identifier
C:\Users\lerum\AppData\Roaming\MetaQuotes\Terminal\D0E8209F77C8CF37AD8BF550E51FF075\MQL5\Experts\MetaphizixEA\Includes\Core\PairManager.mqh(338,19) : warning 43: possible loss of data due to type conversion from 'long' to 'double'
C:\Users\lerum\AppData\Roaming\MetaQuotes\Terminal\D0E8209F77C8CF37AD8BF550E51FF075\MQL5\Experts\MetaphizixEA\Includes\Core\RiskManagement.mqh(238,5) : error 256: undeclared identifier
C:\Users\lerum\AppData\Roaming\MetaQuotes\Terminal\D0E8209F77C8CF37AD8BF550E51FF075\MQL5\Experts\MetaphizixEA\Includes\Core\RiskManagement.mqh(239,5) : error 256: undeclared identifier
C:\Users\lerum\AppData\Roaming\MetaQuotes\Terminal\D0E8209F77C8CF37AD8BF550E51FF075\MQL5\Experts\MetaphizixEA\Includes\Core\RiskManagement.mqh(240,5) : error 256: undeclared identifier
C:\Users\lerum\AppData\Roaming\MetaQuotes\Terminal\D0E8209F77C8CF37AD8BF550E51FF075\MQL5\Experts\MetaphizixEA\Includes\Core\RiskManagement.mqh(255,5) : error 256: undeclared identifier
C:\Users\lerum\AppData\Roaming\MetaQuotes\Terminal\D0E8209F77C8CF37AD8BF550E51FF075\MQL5\Experts\MetaphizixEA\Includes\Core\RiskManagement.mqh(256,5) : error 256: undeclared identifier
C:\Users\lerum\AppData\Roaming\MetaQuotes\Terminal\D0E8209F77C8CF37AD8BF550E51FF075\MQL5\Experts\MetaphizixEA\Includes\Core\RiskManagement.mqh(257,5) : error 256: undeclared identifier
C:\Users\lerum\AppData\Roaming\MetaQuotes\Terminal\D0E8209F77C8CF37AD8BF550E51FF075\MQL5\Experts\MetaphizixEA\Includes\Core\RiskManagement.mqh(322,24) : error 256: undeclared identifier
C:\Users\lerum\AppData\Roaming\MetaQuotes\Terminal\D0E8209F77C8CF37AD8BF550E51FF075\MQL5\Experts\MetaphizixEA\Includes\Core\RiskManagement.mqh(333,31) : error 256: undeclared identifier
C:\Users\lerum\AppData\Roaming\MetaQuotes\Terminal\D0E8209F77C8CF37AD8BF550E51FF075\MQL5\Experts\MetaphizixEA\Includes\Core\RiskManagement.mqh(347,12) : error 256: undeclared identifier
C:\Users\lerum\AppData\Roaming\MetaQuotes\Terminal\D0E8209F77C8CF37AD8BF550E51FF075\MQL5\Experts\MetaphizixEA\Includes\Core\RiskManagement.mqh(347,34) : error 152: 'i' - some operator expected
C:\Users\lerum\AppData\Roaming\MetaQuotes\Terminal\D0E8209F77C8CF37AD8BF550E51FF075\MQL5\Experts\MetaphizixEA\Includes\Core\RiskManagement.mqh(369,12) : error 256: undeclared identifier
C:\Users\lerum\AppData\Roaming\MetaQuotes\Terminal\D0E8209F77C8CF37AD8BF550E51FF075\MQL5\Experts\MetaphizixEA\Includes\Core\RiskManagement.mqh(369,34) : error 152: 'i' - some operator expected
C:\Users\lerum\AppData\Roaming\MetaQuotes\Terminal\D0E8209F77C8CF37AD8BF550E51FF075\MQL5\Experts\MetaphizixEA\Includes\Core\RiskManagement.mqh(303,69) : error 256: undeclared identifier
C:\Users\lerum\AppData\Roaming\MetaQuotes\Terminal\D0E8209F77C8CF37AD8BF550E51FF075\MQL5\Experts\MetaphizixEA\Includes\Core\TradeExecution.mqh(406,20) : error 227: ambiguous call to overloaded function with the same parameters
C:\Users\lerum\AppData\Roaming\MetaQuotes\Terminal\D0E8209F77C8CF37AD8BF550E51FF075\MQL5\Experts\MetaphizixEA\Includes\Core\TradeExecution.mqh : information: info could be one of 2 function(s)
C:\Users\lerum\AppData\Roaming\MetaQuotes\Terminal\D0E8209F77C8CF37AD8BF550E51FF075\MQL5\Experts\MetaphizixEA\Includes\Core\TradeExecution.mqh : information: info    SExecutionResult CTradeExecution::ExecuteBuyTrade(const string,double,double,double,double)
C:\Users\lerum\AppData\Roaming\MetaQuotes\Terminal\D0E8209F77C8CF37AD8BF550E51FF075\MQL5\Experts\MetaphizixEA\Includes\Core\TradeExecution.mqh : information: info    bool CTradeExecution::ExecuteBuyTrade(string,double,double,double)
C:\Users\lerum\AppData\Roaming\MetaQuotes\Terminal\D0E8209F77C8CF37AD8BF550E51FF075\MQL5\Experts\MetaphizixEA\Includes\Core\TradeExecution.mqh(406,20) : warning 39: expression not boolean
C:\Users\lerum\AppData\Roaming\MetaQuotes\Terminal\D0E8209F77C8CF37AD8BF550E51FF075\MQL5\Experts\MetaphizixEA\Includes\Core\TradeExecution.mqh(409,20) : error 227: ambiguous call to overloaded function with the same parameters
C:\Users\lerum\AppData\Roaming\MetaQuotes\Terminal\D0E8209F77C8CF37AD8BF550E51FF075\MQL5\Experts\MetaphizixEA\Includes\Core\TradeExecution.mqh : information: info could be one of 2 function(s)
C:\Users\lerum\AppData\Roaming\MetaQuotes\Terminal\D0E8209F77C8CF37AD8BF550E51FF075\MQL5\Experts\MetaphizixEA\Includes\Core\TradeExecution.mqh : information: info    SExecutionResult CTradeExecution::ExecuteSellTrade(const string,double,double,double,double)
C:\Users\lerum\AppData\Roaming\MetaQuotes\Terminal\D0E8209F77C8CF37AD8BF550E51FF075\MQL5\Experts\MetaphizixEA\Includes\Core\TradeExecution.mqh : information: info    bool CTradeExecution::ExecuteSellTrade(string,double,double,double)
C:\Users\lerum\AppData\Roaming\MetaQuotes\Terminal\D0E8209F77C8CF37AD8BF550E51FF075\MQL5\Experts\MetaphizixEA\Includes\Core\TradeExecution.mqh(409,20) : warning 39: expression not boolean
C:\Users\lerum\AppData\Roaming\MetaQuotes\Terminal\D0E8209F77C8CF37AD8BF550E51FF075\MQL5\Experts\MetaphizixEA\Includes\Core\TradeExecution.mqh(416,20) : error 256: undeclared identifier
C:\Users\lerum\AppData\Roaming\MetaQuotes\Terminal\D0E8209F77C8CF37AD8BF550E51FF075\MQL5\Experts\MetaphizixEA\Includes\Core\TradeExecution.mqh(416,42) : error 152: 'i' - some operator expected
C:\Users\lerum\AppData\Roaming\MetaQuotes\Terminal\D0E8209F77C8CF37AD8BF550E51FF075\MQL5\Experts\MetaphizixEA\Includes\Core\NewsFilter.mqh(313,5) : error 256: undeclared identifier
C:\Users\lerum\AppData\Roaming\MetaQuotes\Terminal\D0E8209F77C8CF37AD8BF550E51FF075\MQL5\Experts\MetaphizixEA\Includes\Core\NewsFilter.mqh(314,5) : error 256: undeclared identifier
C:\Users\lerum\AppData\Roaming\MetaQuotes\Terminal\D0E8209F77C8CF37AD8BF550E51FF075\MQL5\Experts\MetaphizixEA\Includes\Core\NewsFilter.mqh(332,5) : error 256: undeclared identifier
C:\Users\lerum\AppData\Roaming\MetaQuotes\Terminal\D0E8209F77C8CF37AD8BF550E51FF075\MQL5\Experts\MetaphizixEA\Includes\Core\NewsFilter.mqh(333,5) : error 256: undeclared identifier
C:\Users\lerum\AppData\Roaming\MetaQuotes\Terminal\D0E8209F77C8CF37AD8BF550E51FF075\MQL5\Experts\MetaphizixEA\Includes\Core\NewsFilter.mqh(599,24) : error 256: undeclared identifier
C:\Users\lerum\AppData\Roaming\MetaQuotes\Terminal\D0E8209F77C8CF37AD8BF550E51FF075\MQL5\Experts\MetaphizixEA\Includes\Core\NewsFilter.mqh(351,42) : error 256: undeclared identifier
C:\Users\lerum\AppData\Roaming\MetaQuotes\Terminal\D0E8209F77C8CF37AD8BF550E51FF075\MQL5\Experts\MetaphizixEA\Includes\Core\NewsFilter.mqh(360,42) : error 256: undeclared identifier
C:\Users\lerum\AppData\Roaming\MetaQuotes\Terminal\D0E8209F77C8CF37AD8BF550E51FF075\MQL5\Experts\MetaphizixEA\Includes\Core\NewsFilter.mqh(381,44) : error 256: undeclared identifier
C:\Users\lerum\AppData\Roaming\MetaQuotes\Terminal\D0E8209F77C8CF37AD8BF550E51FF075\MQL5\Experts\MetaphizixEA\Includes\Core\NewsFilter.mqh(382,43) : error 256: undeclared identifier
C:\Users\lerum\AppData\Roaming\MetaQuotes\Terminal\D0E8209F77C8CF37AD8BF550E51FF075\MQL5\Experts\MetaphizixEA\Includes\Core\NewsFilter.mqh(388,42) : error 256: undeclared identifier
C:\Users\lerum\AppData\Roaming\MetaQuotes\Terminal\D0E8209F77C8CF37AD8BF550E51FF075\MQL5\Experts\MetaphizixEA\Includes\Core\NewsFilter.mqh(480,42) : error 256: undeclared identifier
C:\Users\lerum\AppData\Roaming\MetaQuotes\Terminal\D0E8209F77C8CF37AD8BF550E51FF075\MQL5\Experts\MetaphizixEA\Includes\Core\NewsFilter.mqh(538,46) : error 256: undeclared identifier
C:\Users\lerum\AppData\Roaming\MetaQuotes\Terminal\D0E8209F77C8CF37AD8BF550E51FF075\MQL5\Experts\MetaphizixEA\Includes\Core\SessionFilter.mqh(348,5) : error 256: undeclared identifier
C:\Users\lerum\AppData\Roaming\MetaQuotes\Terminal\D0E8209F77C8CF37AD8BF550E51FF075\MQL5\Experts\MetaphizixEA\Includes\Core\SessionFilter.mqh(349,5) : error 256: undeclared identifier
C:\Users\lerum\AppData\Roaming\MetaQuotes\Terminal\D0E8209F77C8CF37AD8BF550E51FF075\MQL5\Experts\MetaphizixEA\Includes\Core\SessionFilter.mqh(350,5) : error 256: undeclared identifier
C:\Users\lerum\AppData\Roaming\MetaQuotes\Terminal\D0E8209F77C8CF37AD8BF550E51FF075\MQL5\Experts\MetaphizixEA\Includes\Core\SessionFilter.mqh(351,5) : error 256: undeclared identifier
C:\Users\lerum\AppData\Roaming\MetaQuotes\Terminal\D0E8209F77C8CF37AD8BF550E51FF075\MQL5\Experts\MetaphizixEA\Includes\Core\SessionFilter.mqh(366,5) : error 256: undeclared identifier
C:\Users\lerum\AppData\Roaming\MetaQuotes\Terminal\D0E8209F77C8CF37AD8BF550E51FF075\MQL5\Experts\MetaphizixEA\Includes\Core\SessionFilter.mqh(367,5) : error 256: undeclared identifier
C:\Users\lerum\AppData\Roaming\MetaQuotes\Terminal\D0E8209F77C8CF37AD8BF550E51FF075\MQL5\Experts\MetaphizixEA\Includes\Core\SessionFilter.mqh(368,5) : error 256: undeclared identifier
C:\Users\lerum\AppData\Roaming\MetaQuotes\Terminal\D0E8209F77C8CF37AD8BF550E51FF075\MQL5\Experts\MetaphizixEA\Includes\Core\SessionFilter.mqh(382,39) : error 256: undeclared identifier
C:\Users\lerum\AppData\Roaming\MetaQuotes\Terminal\D0E8209F77C8CF37AD8BF550E51FF075\MQL5\Experts\MetaphizixEA\Includes\Core\SessionFilter.mqh(382,59) : error 256: undeclared identifier
C:\Users\lerum\AppData\Roaming\MetaQuotes\Terminal\D0E8209F77C8CF37AD8BF550E51FF075\MQL5\Experts\MetaphizixEA\Includes\Core\SessionFilter.mqh(395,8) : error 256: undeclared identifier
C:\Users\lerum\AppData\Roaming\MetaQuotes\Terminal\D0E8209F77C8CF37AD8BF550E51FF075\MQL5\Experts\MetaphizixEA\Includes\Core\SessionFilter.mqh(399,8) : error 256: undeclared identifier
C:\Users\lerum\AppData\Roaming\MetaQuotes\Terminal\D0E8209F77C8CF37AD8BF550E51FF075\MQL5\Experts\MetaphizixEA\Includes\Core\SessionFilter.mqh(422,9) : error 256: undeclared identifier
C:\Users\lerum\AppData\Roaming\MetaQuotes\Terminal\D0E8209F77C8CF37AD8BF550E51FF075\MQL5\Experts\MetaphizixEA\Includes\Core\SessionFilter.mqh(576,5) : error 256: undeclared identifier
C:\Users\lerum\AppData\Roaming\MetaQuotes\Terminal\D0E8209F77C8CF37AD8BF550E51FF075\MQL5\Experts\MetaphizixEA\Includes\Core\SessionFilter.mqh(577,5) : error 256: undeclared identifier
C:\Users\lerum\AppData\Roaming\MetaQuotes\Terminal\D0E8209F77C8CF37AD8BF550E51FF075\MQL5\Experts\MetaphizixEA\Includes\Core\SessionFilter.mqh(328,42) : error 256: undeclared identifier
C:\Users\lerum\AppData\Roaming\MetaQuotes\Terminal\D0E8209F77C8CF37AD8BF550E51FF075\MQL5\Experts\MetaphizixEA\Includes\Core\SessionFilter.mqh(329,42) : error 256: undeclared identifier
C:\Users\lerum\AppData\Roaming\MetaQuotes\Terminal\D0E8209F77C8CF37AD8BF550E51FF075\MQL5\Experts\MetaphizixEA\Includes\Core\SessionFilter.mqh(331,40) : error 256: undeclared identifier
C:\Users\lerum\AppData\Roaming\MetaQuotes\Terminal\D0E8209F77C8CF37AD8BF550E51FF075\MQL5\Experts\MetaphizixEA\Includes\Core\SessionFilter.mqh(332,38) : error 256: undeclared identifier
C:\Users\lerum\AppData\Roaming\MetaQuotes\Terminal\D0E8209F77C8CF37AD8BF550E51FF075\MQL5\Experts\MetaphizixEA\Includes\Core\SessionFilter.mqh(333,44) : error 256: undeclared identifier
C:\Users\lerum\AppData\Roaming\MetaQuotes\Terminal\D0E8209F77C8CF37AD8BF550E51FF075\MQL5\Experts\MetaphizixEA\Includes\Core\SessionFilter.mqh(333,44) : warning 39: expression not boolean
C:\Users\lerum\AppData\Roaming\MetaQuotes\Terminal\D0E8209F77C8CF37AD8BF550E51FF075\MQL5\Experts\MetaphizixEA\Includes\Core\SessionFilter.mqh(334,44) : error 256: undeclared identifier
C:\Users\lerum\AppData\Roaming\MetaQuotes\Terminal\D0E8209F77C8CF37AD8BF550E51FF075\MQL5\Experts\MetaphizixEA\Includes\Core\SessionFilter.mqh(334,44) : warning 39: expression not boolean
C:\Users\lerum\AppData\Roaming\MetaQuotes\Terminal\D0E8209F77C8CF37AD8BF550E51FF075\MQL5\Experts\MetaphizixEA\Includes\Core\ExitStrategy.mqh(668,12) : error 256: undeclared identifier
C:\Users\lerum\AppData\Roaming\MetaQuotes\Terminal\D0E8209F77C8CF37AD8BF550E51FF075\MQL5\Experts\MetaphizixEA\Includes\Core\ExitStrategy.mqh(668,34) : error 152: 'i' - some operator expected
C:\Users\lerum\AppData\Roaming\MetaQuotes\Terminal\D0E8209F77C8CF37AD8BF550E51FF075\MQL5\Experts\MetaphizixEA\Includes\Core\ExitStrategy.mqh(1725,22) : warning 43: possible loss of data due to type conversion from 'long' to 'double'
C:\Users\lerum\AppData\Roaming\MetaQuotes\Terminal\D0E8209F77C8CF37AD8BF550E51FF075\MQL5\Experts\MetaphizixEA\Includes\Advanced\Fibonacci.mqh(505,21) : warning 180: implicit conversion from 'string' to 'number'
C:\Users\lerum\AppData\Roaming\MetaQuotes\Terminal\D0E8209F77C8CF37AD8BF550E51FF075\MQL5\Experts\MetaphizixEA\Includes\Advanced\Fibonacci.mqh(505,30) : warning 181: implicit conversion from 'number' to 'string'
C:\Users\lerum\AppData\Roaming\MetaQuotes\Terminal\D0E8209F77C8CF37AD8BF550E51FF075\MQL5\Experts\MetaphizixEA\Includes\Advanced\Fibonacci.mqh(505,43) : warning 43: possible loss of data due to type conversion from 'datetime' to 'int'
C:\Users\lerum\AppData\Roaming\MetaQuotes\Terminal\D0E8209F77C8CF37AD8BF550E51FF075\MQL5\Experts\MetaphizixEA\Includes\Advanced\Fibonacci.mqh(505,52) : warning 43: possible loss of data due to type conversion from 'double' to 'datetime'
C:\Users\lerum\AppData\Roaming\MetaQuotes\Terminal\D0E8209F77C8CF37AD8BF550E51FF075\MQL5\Experts\MetaphizixEA\Includes\Advanced\MarketAnalysis.mqh(402,21) : error 199: wrong parameters count
C:\Users\lerum\AppData\Roaming\MetaQuotes\Terminal\D0E8209F77C8CF37AD8BF550E51FF075\MQL5\Experts\MetaphizixEA\Includes\Advanced\MarketAnalysis.mqh : information: info    built-in: int iADX(const string,ENUM_TIMEFRAMES,int)
C:\Users\lerum\AppData\Roaming\MetaQuotes\Terminal\D0E8209F77C8CF37AD8BF550E51FF075\MQL5\Experts\MetaphizixEA\Includes\Advanced\MarketAnalysis.mqh(524,85) : error 256: undeclared identifier
C:\Users\lerum\AppData\Roaming\MetaQuotes\Terminal\D0E8209F77C8CF37AD8BF550E51FF075\MQL5\Experts\MetaphizixEA\Includes\Advanced\MarketAnalysis.mqh(524,36) : error 199: wrong parameters count
C:\Users\lerum\AppData\Roaming\MetaQuotes\Terminal\D0E8209F77C8CF37AD8BF550E51FF075\MQL5\Experts\MetaphizixEA\Includes\Advanced\MarketAnalysis.mqh : information: info    built-in: int iBands(const string,ENUM_TIMEFRAMES,int,int,double,int)
C:\Users\lerum\AppData\Roaming\MetaQuotes\Terminal\D0E8209F77C8CF37AD8BF550E51FF075\MQL5\Experts\MetaphizixEA\Includes\Advanced\MarketAnalysis.mqh(525,85) : error 256: undeclared identifier
C:\Users\lerum\AppData\Roaming\MetaQuotes\Terminal\D0E8209F77C8CF37AD8BF550E51FF075\MQL5\Experts\MetaphizixEA\Includes\Advanced\MarketAnalysis.mqh(525,36) : error 199: wrong parameters count
C:\Users\lerum\AppData\Roaming\MetaQuotes\Terminal\D0E8209F77C8CF37AD8BF550E51FF075\MQL5\Experts\MetaphizixEA\Includes\Advanced\MarketAnalysis.mqh : information: info    built-in: int iBands(const string,ENUM_TIMEFRAMES,int,int,double,int)
C:\Users\lerum\AppData\Roaming\MetaQuotes\Terminal\D0E8209F77C8CF37AD8BF550E51FF075\MQL5\Experts\MetaphizixEA\Includes\Advanced\MarketAnalysis.mqh(526,86) : error 256: undeclared identifier
C:\Users\lerum\AppData\Roaming\MetaQuotes\Terminal\D0E8209F77C8CF37AD8BF550E51FF075\MQL5\Experts\MetaphizixEA\Includes\Advanced\MarketAnalysis.mqh(526,37) : error 199: wrong parameters count
C:\Users\lerum\AppData\Roaming\MetaQuotes\Terminal\D0E8209F77C8CF37AD8BF550E51FF075\MQL5\Experts\MetaphizixEA\Includes\Advanced\MarketAnalysis.mqh : information: info    built-in: int iBands(const string,ENUM_TIMEFRAMES,int,int,double,int)
C:\Users\lerum\AppData\Roaming\MetaQuotes\Terminal\D0E8209F77C8CF37AD8BF550E51FF075\MQL5\Experts\MetaphizixEA\Includes\Advanced\MarketAnalysis.mqh(529,24) : error 199: wrong parameters count
C:\Users\lerum\AppData\Roaming\MetaQuotes\Terminal\D0E8209F77C8CF37AD8BF550E51FF075\MQL5\Experts\MetaphizixEA\Includes\Advanced\MarketAnalysis.mqh : information: info    built-in: int iRSI(const string,ENUM_TIMEFRAMES,int,int)
C:\Users\lerum\AppData\Roaming\MetaQuotes\Terminal\D0E8209F77C8CF37AD8BF550E51FF075\MQL5\Experts\MetaphizixEA\Includes\Advanced\MarketAnalysis.mqh(530,95) : error 256: undeclared identifier
C:\Users\lerum\AppData\Roaming\MetaQuotes\Terminal\D0E8209F77C8CF37AD8BF550E51FF075\MQL5\Experts\MetaphizixEA\Includes\Advanced\MarketAnalysis.mqh(530,31) : error 199: wrong parameters count
C:\Users\lerum\AppData\Roaming\MetaQuotes\Terminal\D0E8209F77C8CF37AD8BF550E51FF075\MQL5\Experts\MetaphizixEA\Includes\Advanced\MarketAnalysis.mqh : information: info    built-in: int iStochastic(const string,ENUM_TIMEFRAMES,int,int,int,ENUM_MA_METHOD,ENUM_STO_PRICE)
C:\Users\lerum\AppData\Roaming\MetaQuotes\Terminal\D0E8209F77C8CF37AD8BF550E51FF075\MQL5\Experts\MetaphizixEA\Includes\Advanced\MarketAnalysis.mqh(533,79) : error 256: undeclared identifier
C:\Users\lerum\AppData\Roaming\MetaQuotes\Terminal\D0E8209F77C8CF37AD8BF550E51FF075\MQL5\Experts\MetaphizixEA\Includes\Advanced\MarketAnalysis.mqh(533,30) : error 199: wrong parameters count
C:\Users\lerum\AppData\Roaming\MetaQuotes\Terminal\D0E8209F77C8CF37AD8BF550E51FF075\MQL5\Experts\MetaphizixEA\Includes\Advanced\MarketAnalysis.mqh : information: info    built-in: int iMACD(const string,ENUM_TIMEFRAMES,int,int,int,int)
C:\Users\lerum\AppData\Roaming\MetaQuotes\Terminal\D0E8209F77C8CF37AD8BF550E51FF075\MQL5\Experts\MetaphizixEA\Includes\Advanced\MarketAnalysis.mqh(534,81) : error 256: undeclared identifier
C:\Users\lerum\AppData\Roaming\MetaQuotes\Terminal\D0E8209F77C8CF37AD8BF550E51FF075\MQL5\Experts\MetaphizixEA\Includes\Advanced\MarketAnalysis.mqh(534,32) : error 199: wrong parameters count
C:\Users\lerum\AppData\Roaming\MetaQuotes\Terminal\D0E8209F77C8CF37AD8BF550E51FF075\MQL5\Experts\MetaphizixEA\Includes\Advanced\MarketAnalysis.mqh : information: info    built-in: int iMACD(const string,ENUM_TIMEFRAMES,int,int,int,int)
C:\Users\lerum\AppData\Roaming\MetaQuotes\Terminal\D0E8209F77C8CF37AD8BF550E51FF075\MQL5\Experts\MetaphizixEA\Includes\Advanced\MarketAnalysis.mqh(537,24) : error 199: wrong parameters count
C:\Users\lerum\AppData\Roaming\MetaQuotes\Terminal\D0E8209F77C8CF37AD8BF550E51FF075\MQL5\Experts\MetaphizixEA\Includes\Advanced\MarketAnalysis.mqh : information: info    built-in: int iATR(const string,ENUM_TIMEFRAMES,int)
C:\Users\lerum\AppData\Roaming\MetaQuotes\Terminal\D0E8209F77C8CF37AD8BF550E51FF075\MQL5\Experts\MetaphizixEA\Includes\Advanced\MarketAnalysis.mqh(538,65) : error 256: undeclared identifier
C:\Users\lerum\AppData\Roaming\MetaQuotes\Terminal\D0E8209F77C8CF37AD8BF550E51FF075\MQL5\Experts\MetaphizixEA\Includes\Advanced\MarketAnalysis.mqh(538,24) : error 199: wrong parameters count
C:\Users\lerum\AppData\Roaming\MetaQuotes\Terminal\D0E8209F77C8CF37AD8BF550E51FF075\MQL5\Experts\MetaphizixEA\Includes\Advanced\MarketAnalysis.mqh : information: info    built-in: int iADX(const string,ENUM_TIMEFRAMES,int)
C:\Users\lerum\AppData\Roaming\MetaQuotes\Terminal\D0E8209F77C8CF37AD8BF550E51FF075\MQL5\Experts\MetaphizixEA\Includes\Advanced\MarketAnalysis.mqh(539,24) : error 199: wrong parameters count
C:\Users\lerum\AppData\Roaming\MetaQuotes\Terminal\D0E8209F77C8CF37AD8BF550E51FF075\MQL5\Experts\MetaphizixEA\Includes\Advanced\MarketAnalysis.mqh : information: info    built-in: int iCCI(const string,ENUM_TIMEFRAMES,int,int)
C:\Users\lerum\AppData\Roaming\MetaQuotes\Terminal\D0E8209F77C8CF37AD8BF550E51FF075\MQL5\Experts\MetaphizixEA\Includes\Advanced\MarketAnalysis.mqh(540,29) : error 199: wrong parameters count
C:\Users\lerum\AppData\Roaming\MetaQuotes\Terminal\D0E8209F77C8CF37AD8BF550E51FF075\MQL5\Experts\MetaphizixEA\Includes\Advanced\MarketAnalysis.mqh : information: info    built-in: int iWPR(const string,ENUM_TIMEFRAMES,int)
C:\Users\lerum\AppData\Roaming\MetaQuotes\Terminal\D0E8209F77C8CF37AD8BF550E51FF075\MQL5\Experts\MetaphizixEA\Includes\Advanced\MarketAnalysis.mqh(550,34) : error 199: wrong parameters count
C:\Users\lerum\AppData\Roaming\MetaQuotes\Terminal\D0E8209F77C8CF37AD8BF550E51FF075\MQL5\Experts\MetaphizixEA\Includes\Advanced\MarketAnalysis.mqh : information: info    built-in: int iSAR(const string,ENUM_TIMEFRAMES,double,double)
C:\Users\lerum\AppData\Roaming\MetaQuotes\Terminal\D0E8209F77C8CF37AD8BF550E51FF075\MQL5\Experts\MetaphizixEA\Includes\Advanced\MarketAnalysis.mqh(556,70) : error 256: undeclared identifier
C:\Users\lerum\AppData\Roaming\MetaQuotes\Terminal\D0E8209F77C8CF37AD8BF550E51FF075\MQL5\Experts\MetaphizixEA\Includes\Advanced\MarketAnalysis.mqh(556,29) : error 199: wrong parameters count
C:\Users\lerum\AppData\Roaming\MetaQuotes\Terminal\D0E8209F77C8CF37AD8BF550E51FF075\MQL5\Experts\MetaphizixEA\Includes\Advanced\MarketAnalysis.mqh : information: info    built-in: int iADX(const string,ENUM_TIMEFRAMES,int)
C:\Users\lerum\AppData\Roaming\MetaQuotes\Terminal\D0E8209F77C8CF37AD8BF550E51FF075\MQL5\Experts\MetaphizixEA\Includes\Advanced\MarketAnalysis.mqh(557,71) : error 256: undeclared identifier
C:\Users\lerum\AppData\Roaming\MetaQuotes\Terminal\D0E8209F77C8CF37AD8BF550E51FF075\MQL5\Experts\MetaphizixEA\Includes\Advanced\MarketAnalysis.mqh(557,30) : error 199: wrong parameters count
C:\Users\lerum\AppData\Roaming\MetaQuotes\Terminal\D0E8209F77C8CF37AD8BF550E51FF075\MQL5\Experts\MetaphizixEA\Includes\Advanced\MarketAnalysis.mqh : information: info    built-in: int iADX(const string,ENUM_TIMEFRAMES,int)
C:\Users\lerum\AppData\Roaming\MetaQuotes\Terminal\D0E8209F77C8CF37AD8BF550E51FF075\MQL5\Experts\MetaphizixEA\Includes\Advanced\MarketAnalysis.mqh(571,35) : error 199: wrong parameters count
C:\Users\lerum\AppData\Roaming\MetaQuotes\Terminal\D0E8209F77C8CF37AD8BF550E51FF075\MQL5\Experts\MetaphizixEA\Includes\Advanced\MarketAnalysis.mqh : information: info    built-in: int iMA(const string,ENUM_TIMEFRAMES,int,int,ENUM_MA_METHOD,int)
C:\Users\lerum\AppData\Roaming\MetaQuotes\Terminal\D0E8209F77C8CF37AD8BF550E51FF075\MQL5\Experts\MetaphizixEA\Includes\Advanced\MarketAnalysis.mqh(789,41) : warning 181: implicit conversion from 'number' to 'string'
C:\Users\lerum\AppData\Roaming\MetaQuotes\Terminal\D0E8209F77C8CF37AD8BF550E51FF075\MQL5\Experts\MetaphizixEA\Includes\Advanced\MarketAnalysis.mqh(790,39) : warning 181: implicit conversion from 'number' to 'string'
C:\Users\lerum\AppData\Roaming\MetaQuotes\Terminal\D0E8209F77C8CF37AD8BF550E51FF075\MQL5\Experts\MetaphizixEA\Includes\Advanced\MarketAnalysis.mqh(834,18) : error 199: wrong parameters count
C:\Users\lerum\AppData\Roaming\MetaQuotes\Terminal\D0E8209F77C8CF37AD8BF550E51FF075\MQL5\Experts\MetaphizixEA\Includes\Advanced\MarketAnalysis.mqh : information: info    built-in: int iRSI(const string,ENUM_TIMEFRAMES,int,int)
C:\Users\lerum\AppData\Roaming\MetaQuotes\Terminal\D0E8209F77C8CF37AD8BF550E51FF075\MQL5\Experts\MetaphizixEA\Includes\Advanced\MarketAnalysis.mqh(906,18) : error 199: wrong parameters count
C:\Users\lerum\AppData\Roaming\MetaQuotes\Terminal\D0E8209F77C8CF37AD8BF550E51FF075\MQL5\Experts\MetaphizixEA\Includes\Advanced\MarketAnalysis.mqh : information: info    built-in: int iATR(const string,ENUM_TIMEFRAMES,int)
C:\Users\lerum\AppData\Roaming\MetaQuotes\Terminal\D0E8209F77C8CF37AD8BF550E51FF075\MQL5\Experts\MetaphizixEA\Includes\Advanced\MarketAnalysis.mqh(968,19) : error 199: wrong parameters count
C:\Users\lerum\AppData\Roaming\MetaQuotes\Terminal\D0E8209F77C8CF37AD8BF550E51FF075\MQL5\Experts\MetaphizixEA\Includes\Advanced\MarketAnalysis.mqh : information: info    built-in: int iMA(const string,ENUM_TIMEFRAMES,int,int,ENUM_MA_METHOD,int)
C:\Users\lerum\AppData\Roaming\MetaQuotes\Terminal\D0E8209F77C8CF37AD8BF550E51FF075\MQL5\Experts\MetaphizixEA\Includes\Advanced\MarketAnalysis.mqh(969,24) : error 199: wrong parameters count
C:\Users\lerum\AppData\Roaming\MetaQuotes\Terminal\D0E8209F77C8CF37AD8BF550E51FF075\MQL5\Experts\MetaphizixEA\Includes\Advanced\MarketAnalysis.mqh : information: info    built-in: int iMA(const string,ENUM_TIMEFRAMES,int,int,ENUM_MA_METHOD,int)
C:\Users\lerum\AppData\Roaming\MetaQuotes\Terminal\D0E8209F77C8CF37AD8BF550E51FF075\MQL5\Experts\MetaphizixEA\Includes\Advanced\MarketAnalysis.mqh(1002,38) : warning 43: possible loss of data due to type conversion from 'long' to 'double'
C:\Users\lerum\AppData\Roaming\MetaQuotes\Terminal\D0E8209F77C8CF37AD8BF550E51FF075\MQL5\Experts\MetaphizixEA\Includes\Advanced\MarketAnalysis.mqh(1003,43) : warning 43: possible loss of data due to type conversion from 'long' to 'double'
C:\Users\lerum\AppData\Roaming\MetaQuotes\Terminal\D0E8209F77C8CF37AD8BF550E51FF075\MQL5\Experts\MetaphizixEA\Includes\Advanced\MarketAnalysis.mqh(1015,38) : warning 43: possible loss of data due to type conversion from 'long' to 'double'
C:\Users\lerum\AppData\Roaming\MetaQuotes\Terminal\D0E8209F77C8CF37AD8BF550E51FF075\MQL5\Experts\MetaphizixEA\Includes\Advanced\MarketAnalysis.mqh(1016,17) : warning 43: possible loss of data due to type conversion from 'long' to 'double'
C:\Users\lerum\AppData\Roaming\MetaQuotes\Terminal\D0E8209F77C8CF37AD8BF550E51FF075\MQL5\Experts\MetaphizixEA\Includes\Advanced\MarketAnalysis.mqh(1091,5) : warning 43: possible loss of data due to type conversion from 'long' to 'double'
C:\Users\lerum\AppData\Roaming\MetaQuotes\Terminal\D0E8209F77C8CF37AD8BF550E51FF075\MQL5\Experts\MetaphizixEA\Includes\Advanced\MarketAnalysis.mqh(1097,18) : error 199: wrong parameters count
C:\Users\lerum\AppData\Roaming\MetaQuotes\Terminal\D0E8209F77C8CF37AD8BF550E51FF075\MQL5\Experts\MetaphizixEA\Includes\Advanced\MarketAnalysis.mqh : information: info    built-in: int iMA(const string,ENUM_TIMEFRAMES,int,int,ENUM_MA_METHOD,int)
C:\Users\lerum\AppData\Roaming\MetaQuotes\Terminal\D0E8209F77C8CF37AD8BF550E51FF075\MQL5\Experts\MetaphizixEA\Includes\Advanced\MarketAnalysis.mqh(1098,18) : error 199: wrong parameters count
C:\Users\lerum\AppData\Roaming\MetaQuotes\Terminal\D0E8209F77C8CF37AD8BF550E51FF075\MQL5\Experts\MetaphizixEA\Includes\Advanced\MarketAnalysis.mqh : information: info    built-in: int iATR(const string,ENUM_TIMEFRAMES,int)
C:\Users\lerum\AppData\Roaming\MetaQuotes\Terminal\D0E8209F77C8CF37AD8BF550E51FF075\MQL5\Experts\MetaphizixEA\Includes\Advanced\MarketAnalysis.mqh(1104,18) : error 199: wrong parameters count
C:\Users\lerum\AppData\Roaming\MetaQuotes\Terminal\D0E8209F77C8CF37AD8BF550E51FF075\MQL5\Experts\MetaphizixEA\Includes\Advanced\MarketAnalysis.mqh : information: info    built-in: int iMA(const string,ENUM_TIMEFRAMES,int,int,ENUM_MA_METHOD,int)
C:\Users\lerum\AppData\Roaming\MetaQuotes\Terminal\D0E8209F77C8CF37AD8BF550E51FF075\MQL5\Experts\MetaphizixEA\Includes\Advanced\MarketAnalysis.mqh : information: info    built-in: int iATR(const string,ENUM_TIMEFRAMES,int)
Result: 100 errors, 20 warnings
